C:/TouchGFXProjects/SamplerAudio1/Middlewares/Third_Party/FatFs/src/ff.c:624:7:ld_dword	0	static
C:/TouchGFXProjects/SamplerAudio1/Middlewares/Third_Party/FatFs/src/ff.c:662:6:st_dword	0	static
C:/TouchGFXProjects/SamplerAudio1/Middlewares/Third_Party/FatFs/src/ff.c:707:6:mem_set	0	static
C:/TouchGFXProjects/SamplerAudio1/Middlewares/Third_Party/FatFs/src/ff.c:772:9:chk_lock	12	static
C:/TouchGFXProjects/SamplerAudio1/Middlewares/Third_Party/FatFs/src/ff.c:809:6:inc_lock	20	static
C:/TouchGFXProjects/SamplerAudio1/Middlewares/Third_Party/FatFs/src/ff.c:841:9:dec_lock	0	static
C:/TouchGFXProjects/SamplerAudio1/Middlewares/Third_Party/FatFs/src/ff.c:864:6:clear_lock	0	static
C:/TouchGFXProjects/SamplerAudio1/Middlewares/Third_Party/FatFs/src/ff.c:984:7:clust2sect	0	static
C:/TouchGFXProjects/SamplerAudio1/Middlewares/Third_Party/FatFs/src/ff.c:1441:7:clmt_clust	0	static
C:/TouchGFXProjects/SamplerAudio1/Middlewares/Third_Party/FatFs/src/ff.c:2905:5:get_ldnumber	8	static
C:/TouchGFXProjects/SamplerAudio1/Middlewares/Third_Party/FatFs/src/ff.c:884:9:sync_window	24	static
C:/TouchGFXProjects/SamplerAudio1/Middlewares/Third_Party/FatFs/src/ff.c:694:6:mem_cpy.part.0	0	static
C:/TouchGFXProjects/SamplerAudio1/Middlewares/Third_Party/FatFs/src/ff.c:1651:6:st_clust	0	static
C:/TouchGFXProjects/SamplerAudio1/Middlewares/Third_Party/FatFs/src/ff.c:913:9:move_window	16	static
C:/TouchGFXProjects/SamplerAudio1/Middlewares/Third_Party/FatFs/src/ff.c:2966:6:check_fs	8	static
C:/TouchGFXProjects/SamplerAudio1/Middlewares/Third_Party/FatFs/src/ff.c:2993:9:find_volume	40	static
C:/TouchGFXProjects/SamplerAudio1/Middlewares/Third_Party/FatFs/src/ff.c:1082:9:put_fat	32	static
C:/TouchGFXProjects/SamplerAudio1/Middlewares/Third_Party/FatFs/src/ff.c:945:9:sync_fs	24	static
C:/TouchGFXProjects/SamplerAudio1/Middlewares/Third_Party/FatFs/src/ff.c:2445:6:get_fileinfo.part.0.constprop.isra	24	static
C:/TouchGFXProjects/SamplerAudio1/Middlewares/Third_Party/FatFs/src/ff.c:752:6:unlock_fs	0	static
C:/TouchGFXProjects/SamplerAudio1/Middlewares/Third_Party/FatFs/src/ff.c:1633:7:ld_clust.isra	0	static
C:/TouchGFXProjects/SamplerAudio1/Middlewares/Third_Party/FatFs/src/ff.c:1002:7:get_fat.isra	24	static
C:/TouchGFXProjects/SamplerAudio1/Middlewares/Third_Party/FatFs/src/ff.c:1471:9:dir_sdi.constprop	24	static
C:/TouchGFXProjects/SamplerAudio1/Middlewares/Third_Party/FatFs/src/ff.c:1272:9:remove_chain	24	static
C:/TouchGFXProjects/SamplerAudio1/Middlewares/Third_Party/FatFs/src/ff.c:1352:7:create_chain	24	static
C:/TouchGFXProjects/SamplerAudio1/Middlewares/Third_Party/FatFs/src/ff.c:1520:9:dir_next	32	static
C:/TouchGFXProjects/SamplerAudio1/Middlewares/Third_Party/FatFs/src/ff.c:2814:9:follow_path	32	static
C:/TouchGFXProjects/SamplerAudio1/Middlewares/Third_Party/FatFs/src/ff.c:2132:9:dir_read.constprop	16	static
C:/TouchGFXProjects/SamplerAudio1/Middlewares/Third_Party/FatFs/src/ff.c:2293:9:dir_register	16	static
C:/TouchGFXProjects/SamplerAudio1/Middlewares/Third_Party/FatFs/src/ff.c:3216:9:validate	16	static
C:/TouchGFXProjects/SamplerAudio1/Middlewares/Third_Party/FatFs/src/ff.c:3260:9:f_mount	40	static
C:/TouchGFXProjects/SamplerAudio1/Middlewares/Third_Party/FatFs/src/ff.c:3308:9:f_open	96	static
C:/TouchGFXProjects/SamplerAudio1/Middlewares/Third_Party/FatFs/src/ff.c:3511:9:f_read	64	static
C:/TouchGFXProjects/SamplerAudio1/Middlewares/Third_Party/FatFs/src/ff.c:3611:9:f_write	56	static
C:/TouchGFXProjects/SamplerAudio1/Middlewares/Third_Party/FatFs/src/ff.c:5917:6:putc_bfd	24	static
C:/TouchGFXProjects/SamplerAudio1/Middlewares/Third_Party/FatFs/src/ff.c:5973:5:putc_flush	16	static
C:/TouchGFXProjects/SamplerAudio1/Middlewares/Third_Party/FatFs/src/ff.c:3732:9:f_sync	32	static
C:/TouchGFXProjects/SamplerAudio1/Middlewares/Third_Party/FatFs/src/ff.c:3813:9:f_close	24	static
C:/TouchGFXProjects/SamplerAudio1/Middlewares/Third_Party/FatFs/src/ff.c:4001:9:f_lseek	56	static
C:/TouchGFXProjects/SamplerAudio1/Middlewares/Third_Party/FatFs/src/ff.c:4162:9:f_opendir	32	static
C:/TouchGFXProjects/SamplerAudio1/Middlewares/Third_Party/FatFs/src/ff.c:4232:9:f_closedir	24	static
C:/TouchGFXProjects/SamplerAudio1/Middlewares/Third_Party/FatFs/src/ff.c:4265:9:f_readdir	24	static
C:/TouchGFXProjects/SamplerAudio1/Middlewares/Third_Party/FatFs/src/ff.c:4353:9:f_stat	72	static
C:/TouchGFXProjects/SamplerAudio1/Middlewares/Third_Party/FatFs/src/ff.c:4388:9:f_getfree	48	static
C:/TouchGFXProjects/SamplerAudio1/Middlewares/Third_Party/FatFs/src/ff.c:4475:9:f_truncate	32	static
C:/TouchGFXProjects/SamplerAudio1/Middlewares/Third_Party/FatFs/src/ff.c:4525:9:f_unlink	136	static
C:/TouchGFXProjects/SamplerAudio1/Middlewares/Third_Party/FatFs/src/ff.c:4620:9:f_mkdir	104	static
C:/TouchGFXProjects/SamplerAudio1/Middlewares/Third_Party/FatFs/src/ff.c:4717:9:f_rename	160	static
C:/TouchGFXProjects/SamplerAudio1/Middlewares/Third_Party/FatFs/src/ff.c:5301:9:f_mkfs	72	static
C:/TouchGFXProjects/SamplerAudio1/Middlewares/Third_Party/FatFs/src/ff.c:5830:8:f_gets	32	static
C:/TouchGFXProjects/SamplerAudio1/Middlewares/Third_Party/FatFs/src/ff.c:5998:5:f_putc	88	static
C:/TouchGFXProjects/SamplerAudio1/Middlewares/Third_Party/FatFs/src/ff.c:6018:5:f_puts	88	static
C:/TouchGFXProjects/SamplerAudio1/Middlewares/Third_Party/FatFs/src/ff.c:6038:5:f_printf	156	static
