C:/TouchGFXProjects/SamplerAudio1/FATFS/Target/bsp_driver_sd.c:69:16:BSP_SD_ITConfig	0	static
C:/TouchGFXProjects/SamplerAudio1/FATFS/Target/bsp_driver_sd.c:89:16:BSP_SD_ReadBlocks	16	static
C:/TouchGFXProjects/SamplerAudio1/FATFS/Target/bsp_driver_sd.c:112:16:BSP_SD_WriteBlocks	16	static
C:/TouchGFXProjects/SamplerAudio1/FATFS/Target/bsp_driver_sd.c:134:16:BSP_SD_ReadBlocks_DMA	8	static
C:/TouchGFXProjects/SamplerAudio1/FATFS/Target/bsp_driver_sd.c:157:16:BSP_SD_WriteBlocks_DMA	8	static
C:/TouchGFXProjects/SamplerAudio1/FATFS/Target/bsp_driver_sd.c:179:16:BSP_SD_Erase	8	static
C:/TouchGFXProjects/SamplerAudio1/FATFS/Target/bsp_driver_sd.c:203:16:BSP_SD_GetCardState	8	static
C:/TouchGFXProjects/SamplerAudio1/FATFS/Target/bsp_driver_sd.c:213:13:BSP_SD_GetCardInfo	0	static
C:/TouchGFXProjects/SamplerAudio1/FATFS/Target/bsp_driver_sd.c:258:13:BSP_SD_AbortCallback	0	static
C:/TouchGFXProjects/SamplerAudio1/FATFS/Target/bsp_driver_sd.c:227:6:HAL_SD_AbortCallback	8	static
C:/TouchGFXProjects/SamplerAudio1/FATFS/Target/bsp_driver_sd.c:268:13:BSP_SD_WriteCpltCallback	0	static
C:/TouchGFXProjects/SamplerAudio1/FATFS/Target/bsp_driver_sd.c:237:6:HAL_SD_TxCpltCallback	8	static
C:/TouchGFXProjects/SamplerAudio1/FATFS/Target/bsp_driver_sd.c:278:13:BSP_SD_ReadCpltCallback	0	static
C:/TouchGFXProjects/SamplerAudio1/FATFS/Target/bsp_driver_sd.c:247:6:HAL_SD_RxCpltCallback	8	static
C:/TouchGFXProjects/SamplerAudio1/FATFS/Target/bsp_driver_sd.c:290:16:BSP_SD_IsDetected	16	static
C:/TouchGFXProjects/SamplerAudio1/FATFS/Target/bsp_driver_sd.c:47:16:BSP_SD_Init	8	static
