C:/TouchGFXProjects/SamplerAudio1/Core/Src/main.c:1718:6:StartDefaultTask	1
C:/TouchGFXProjects/SamplerAudio1/Core/Src/main.c:1599:16:QSPI_WriteEnable.constprop	2
C:/TouchGFXProjects/SamplerAudio1/Core/Src/main.c:319:6:SystemClock_Config	1
C:/TouchGFXProjects/SamplerAudio1/Core/Src/main.c:372:6:PeriphCommonClock_Config	1
C:/TouchGFXProjects/SamplerAudio1/Core/Src/main.c:628:6:MX_I2C4_Init	1
C:/TouchGFXProjects/SamplerAudio1/Core/Src/main.c:189:5:main	30
C:/TouchGFXProjects/SamplerAudio1/Core/Src/main.c:1807:6:HAL_TIM_PeriodElapsedCallback	2
C:/TouchGFXProjects/SamplerAudio1/Core/Src/main.c:1824:6:Error_Handler	1
