C:/TouchGFXProjects/SamplerAudio1/Core/Src/main.c:1718:6:StartDefaultTask	8	static
C:/TouchGFXProjects/SamplerAudio1/Core/Src/main.c:1599:16:QSPI_WriteEnable.constprop	88	static
C:/TouchGFXProjects/SamplerAudio1/Core/Src/main.c:319:6:SystemClock_Config	96	static
C:/TouchGFXProjects/SamplerAudio1/Core/Src/main.c:372:6:PeriphCommonClock_Config	152	static
C:/TouchGFXProjects/SamplerAudio1/Core/Src/main.c:628:6:MX_I2C4_Init	16	static
C:/TouchGFXProjects/SamplerAudio1/Core/Src/main.c:189:5:main	248	static,ignoring_inline_asm
C:/TouchGFXProjects/SamplerAudio1/Core/Src/main.c:1807:6:HAL_TIM_PeriodElapsedCallback	0	static
C:/TouchGFXProjects/SamplerAudio1/Core/Src/main.c:1824:6:Error_Handler	0	static
