C:/TouchGFXProjects/SamplerAudio1/Core/Src/main.c:1839:6:StartDefaultTask	8	static
C:/TouchGFXProjects/SamplerAudio1/Core/Src/main.c:1655:16:QSPI_WriteEnable.constprop	88	static
C:/TouchGFXProjects/SamplerAudio1/Core/Src/main.c:1766:6:HAL_SAI_TxHalfCpltCallback	16	static,ignoring_inline_asm
C:/TouchGFXProjects/SamplerAudio1/Core/Src/main.c:1776:6:HAL_SAI_TxCpltCallback	16	static,ignoring_inline_asm
C:/TouchGFXProjects/SamplerAudio1/Core/Src/main.c:1800:6:BSP_AUDIO_IN_TransferComplete_CallBack	16	static,ignoring_inline_asm
C:/TouchGFXProjects/SamplerAudio1/Core/Src/main.c:1786:6:HAL_SAI_RxCpltCallback	0	static
C:/TouchGFXProjects/SamplerAudio1/Core/Src/main.c:1812:6:BSP_AUDIO_IN_HalfTransfer_CallBack	16	static,ignoring_inline_asm
C:/TouchGFXProjects/SamplerAudio1/Core/Src/main.c:1793:6:HAL_SAI_RxHalfCpltCallback	0	static
C:/TouchGFXProjects/SamplerAudio1/Core/Src/main.c:1927:6:HAL_TIM_PeriodElapsedCallback	0	static
C:/TouchGFXProjects/SamplerAudio1/Core/Src/main.c:1945:6:Error_Handler	0	static
C:/TouchGFXProjects/SamplerAudio1/Core/Src/main.c:374:6:SystemClock_Config	88	static
C:/TouchGFXProjects/SamplerAudio1/Core/Src/main.c:427:6:PeriphCommonClock_Config	152	static
C:/TouchGFXProjects/SamplerAudio1/Core/Src/main.c:684:6:MX_I2C4_Init	8	static
C:/TouchGFXProjects/SamplerAudio1/Core/Src/main.c:228:5:main	264	static,ignoring_inline_asm
C:/TouchGFXProjects/SamplerAudio1/Core/Src/main.c:1824:6:HAL_SAI_ErrorCallback	0	static
