../Application/User/wm8994.c:858:10:wm8994_SetOutputMode	8	static
../Application/User/wm8994.c:945:10:wm8994_SetFrequency	8	static
../Application/User/wm8994.c:1000:10:wm8994_Reset	8	static
../Application/User/wm8994.c:617:6:wm8994_DeInit	0	static
../Application/User/wm8994.c:628:10:wm8994_ReadID	8	static
../Application/User/wm8994.c:823:10:wm8994_SetMute	8	static
../Application/User/wm8994.c:642:10:wm8994_Play	0	static
../Application/User/wm8994.c:677:10:wm8994_Resume	0	static
../Application/User/wm8994.c:658:10:wm8994_Pause	16	static
../Application/User/wm8994.c:747:10:wm8994_SetVolume	24	static
../Application/User/wm8994.c:136:10:wm8994_Init	40	static
../Application/User/wm8994.c:701:10:wm8994_Stop	24	static
