C:/TouchGFXProjects/SamplerAudio1/Core/Src/main.c:1756:6:StartAudioInitTask	1
C:/TouchGFXProjects/SamplerAudio1/Core/Src/main.c:1588:16:QSPI_WriteEnable.constprop	2
C:/TouchGFXProjects/SamplerAudio1/Core/Src/main.c:1699:6:HAL_SAI_TxHalfCpltCallback	2
C:/TouchGFXProjects/SamplerAudio1/Core/Src/main.c:1707:6:HAL_SAI_TxCpltCallback	2
C:/TouchGFXProjects/SamplerAudio1/Core/Src/main.c:1715:6:HAL_SAI_RxCpltCallback	2
C:/TouchGFXProjects/SamplerAudio1/Core/Src/main.c:1727:6:HAL_SAI_RxHalfCpltCallback	2
C:/TouchGFXProjects/SamplerAudio1/Core/Src/main.c:1846:6:HAL_TIM_PeriodElapsedCallback	2
C:/TouchGFXProjects/SamplerAudio1/Core/Src/main.c:1864:6:Error_Handler	1
C:/TouchGFXProjects/SamplerAudio1/Core/Src/main.c:354:6:SystemClock_Config	4
C:/TouchGFXProjects/SamplerAudio1/Core/Src/main.c:407:6:PeriphCommonClock_Config	2
C:/TouchGFXProjects/SamplerAudio1/Core/Src/main.c:617:6:MX_I2C4_Init	4
C:/TouchGFXProjects/SamplerAudio1/Core/Src/main.c:219:5:main	52
C:/TouchGFXProjects/SamplerAudio1/Core/Src/main.c:1741:6:HAL_SAI_ErrorCallback	1
