C:/TouchGFXProjects/SamplerAudio1/Core/Src/main.c:1756:6:StartAudioInitTask	8	static
C:/TouchGFXProjects/SamplerAudio1/Core/Src/main.c:1588:16:QSPI_WriteEnable.constprop	88	static
C:/TouchGFXProjects/SamplerAudio1/Core/Src/main.c:1699:6:HAL_SAI_TxHalfCpltCallback	16	static,ignoring_inline_asm
C:/TouchGFXProjects/SamplerAudio1/Core/Src/main.c:1707:6:HAL_SAI_TxCpltCallback	16	static,ignoring_inline_asm
C:/TouchGFXProjects/SamplerAudio1/Core/Src/main.c:1715:6:HAL_SAI_RxCpltCallback	16	static,ignoring_inline_asm
C:/TouchGFXProjects/SamplerAudio1/Core/Src/main.c:1727:6:HAL_SAI_RxHalfCpltCallback	16	static,ignoring_inline_asm
C:/TouchGFXProjects/SamplerAudio1/Core/Src/main.c:1846:6:HAL_TIM_PeriodElapsedCallback	0	static
C:/TouchGFXProjects/SamplerAudio1/Core/Src/main.c:1864:6:Error_Handler	0	static
C:/TouchGFXProjects/SamplerAudio1/Core/Src/main.c:354:6:SystemClock_Config	88	static
C:/TouchGFXProjects/SamplerAudio1/Core/Src/main.c:407:6:PeriphCommonClock_Config	152	static
C:/TouchGFXProjects/SamplerAudio1/Core/Src/main.c:617:6:MX_I2C4_Init	8	static
C:/TouchGFXProjects/SamplerAudio1/Core/Src/main.c:219:5:main	240	static,ignoring_inline_asm
C:/TouchGFXProjects/SamplerAudio1/Core/Src/main.c:1741:6:HAL_SAI_ErrorCallback	0	static
