C:/TouchGFXProjects/SamplerAudio1/TouchGFX/gui/src/model/Model.cpp:19:8:void Model::StartRecording()	8	static
C:/TouchGFXProjects/SamplerAudio1/TouchGFX/gui/src/model/Model.cpp:28:8:void Model::StopRecording()	8	static
C:/TouchGFXProjects/SamplerAudio1/TouchGFX/gui/src/model/Model.cpp:37:8:void Model::StartPlaying()	8	static
C:/TouchGFXProjects/SamplerAudio1/TouchGFX/gui/src/model/Model.cpp:50:1:Model::Model()	0	static
C:/TouchGFXProjects/SamplerAudio1/TouchGFX/gui/src/model/Model.cpp:55:6:void Model::tick()	0	static
