../../TouchGFX/gui/include/gui/screen1_screen/Screen1Presenter.hpp:28:13:Screen1Presenter::~Screen1Presenter()	0	static
C:/TouchGFXProjects/SamplerAudio1/TouchGFX/gui/src/screen1_screen/Screen1Presenter.cpp:10:6:virtual void Screen1Presenter::activate()	0	static
../../TouchGFX/gui/include/gui/screen1_screen/Screen1Presenter.hpp:28:13:virtual Screen1Presenter::~Screen1Presenter()	8	static
../../TouchGFX/gui/include/gui/screen1_screen/Screen1Presenter.hpp:28:13:virtual void* Screen1Presenter::_ZThn4_N16Screen1PresenterD1Ev()	0	static
C:/TouchGFXProjects/SamplerAudio1/TouchGFX/gui/src/screen1_screen/Screen1Presenter.cpp:4:1:Screen1Presenter::Screen1Presenter(Screen1View&)	0	static
C:/TouchGFXProjects/SamplerAudio1/TouchGFX/gui/src/screen1_screen/Screen1Presenter.cpp:25:6:void Screen1Presenter::swButtonRecordSemaphoreGive()	0	static
C:/TouchGFXProjects/SamplerAudio1/TouchGFX/gui/src/screen1_screen/Screen1Presenter.cpp:31:6:void Screen1Presenter::swButtonStopSemaphoreGive()	0	static
C:/TouchGFXProjects/SamplerAudio1/TouchGFX/gui/src/screen1_screen/Screen1Presenter.cpp:36:6:void Screen1Presenter::swButtonPlaySemaphoreGive()	0	static
